+range-from=0&to=4:
  echo>: do
  _export:
    range: {from: 0, to: 4}
+range-from=4&to=8:
  echo>: do
  _export:
    range: {from: 4, to: 8}
+range-from=8&to=10:
  echo>: do
  _export:
    range: {from: 8, to: 10}
